C:\Users\dyd97\OneChat>git pull origin main
From https://github.com/bb2636/OneChat
 * branch            main       -> FETCH_HEAD
Updating 965b4b4..38ddaf7
error: Your local changes to the following files would be overwritten by merge:
        frontend/android/app/src/main/assets/capacitor.config.json
Please commit your changes or stash them before you merge.
Aborting

C:\Users\dyd97\OneChat>git status
On branch main
Your branch is behind 'origin/main' by 2 commits, and can be fast-forwarded.
  (use "git pull" to update your local branch)

Changes not staged for commit:
  (use "git add <file>..." to update what will be committed)
  (use "git restore <file>..." to discard changes in working directory)
        modified:   frontend/android/app/capacitor.build.gradle
        modified:   frontend/android/app/src/main/assets/capacitor.config.json
        modified:   frontend/android/app/src/main/assets/capacitor.plugins.json
        modified:   frontend/android/app/src/main/res/xml/config.xml
        modified:   frontend/android/capacitor-cordova-android-plugins/build.gradle
        modified:   frontend/android/capacitor-cordova-android-plugins/cordova.variables.gradle
        modified:   frontend/android/capacitor-cordova-android-plugins/src/main/AndroidManifest.xml
        modified:   frontend/android/capacitor-cordova-android-plugins/src/main/res/.gitkeep
        modified:   frontend/android/capacitor.settings.gradle

no changes added to commit (use "git add" and/or "git commit -a")

C:\Users\dyd97\OneChat>git pull origin main
From https://github.com/bb2636/OneChat
 * branch            main       -> FETCH_HEAD
Updating 965b4b4..38ddaf7
error: Your local changes to the following files would be overwritten by merge:
        frontend/android/app/src/main/assets/capacitor.config.json
Please commit your changes or stash them before you merge.
Aborting

C:\Users\dyd97\OneChat>git pull
Updating 965b4b4..38ddaf7
error: Your local changes to the following files would be overwritten by merge:
        frontend/android/app/src/main/assets/capacitor.config.json
Please commit your changes or stash them before you merge.
Aborting