C:\Users\dyd97\OneChat>git commit -m "fix:apk build issue"
[main 4605e1d] fix:apk build issue
 3 files changed, 15 insertions(+), 1 deletion(-)
 delete mode 100644 frontend/android/app/src/main/assets/public/index.html

C:\Users\dyd97\OneChat>git push origin main
To https://github.com/bb2636/OneChat.git
 ! [rejected]        main -> main (non-fast-forward)
error: failed to push some refs to 'https://github.com/bb2636/OneChat.git'
hint: Updates were rejected because the tip of your current branch is behind
hint: its remote counterpart. If you want to integrate the remote changes,
hint: use 'git pull' before pushing again.
hint: See the 'Note about fast-forwards' in 'git push --help' for details.

C:\Users\dyd97\OneChat>git pull --rebase origin main
From https://github.com/bb2636/OneChat
 * branch            main       -> FETCH_HEAD
Auto-merging frontend/android/app/build.gradle
CONFLICT (content): Merge conflict in frontend/android/app/build.gradle
error: could not apply 4605e1d... fix:apk build issue
hint: Resolve all conflicts manually, mark them as resolved with
hint: "git add/rm <conflicted_files>", then run "git rebase --continue".
hint: You can instead skip this commit: run "git rebase --skip".
hint: To abort and get back to the state before "git rebase", run "git rebase --abort".
hint: Disable this message with "git config set advice.mergeConflict false"
Could not apply 4605e1d... # fix:apk build issue

C:\Users\dyd97\OneChat>git stash
frontend/android/app/build.gradle: needs merge
error: could not write index

C:\Users\dyd97\OneChat>git push origin main
To https://github.com/bb2636/OneChat.git
 ! [rejected]        main -> main (non-fast-forward)
error: failed to push some refs to 'https://github.com/bb2636/OneChat.git'
hint: Updates were rejected because a pushed branch tip is behind its remote
hint: counterpart. If you want to integrate the remote changes, use 'git pull'
hint: before pushing again.
hint: See the 'Note about fast-forwards' in 'git push --help' for details.

C:\Users\dyd97\OneChat>git rebase --abort

C:\Users\dyd97\OneChat>git pull origin main --allow-unrelated-histories
From https://github.com/bb2636/OneChat
 * branch            main       -> FETCH_HEAD
Auto-merging frontend/android/app/build.gradle
CONFLICT (content): Merge conflict in frontend/android/app/build.gradle
Automatic merge failed; fix conflicts and then commit the result.

C:\Users\dyd97\OneChat>git pull origin main --allow-unrelated-histories
error: Pulling is not possible because you have unmerged files.
hint: Fix them up in the work tree, and then use 'git add/rm <file>'
hint: as appropriate to mark resolution and make a commit.
fatal: Exiting because of an unresolved conflict.

C:\Users\dyd97\OneChat>git push origin main
To https://github.com/bb2636/OneChat.git
 ! [rejected]        main -> main (non-fast-forward)
error: failed to push some refs to 'https://github.com/bb2636/OneChat.git'
hint: Updates were rejected because the tip of your current branch is behind
hint: its remote counterpart. If you want to integrate the remote changes,
hint: use 'git pull' before pushing again.
hint: See the 'Note about fast-forwards' in 'git push --help' for details.